src/components/requisitions/RequisitionDetailModal.tsx(42,34): error TS2554: Expected 2 arguments, but got 1.
